     1 00000000                                 [FORMAT "WCOFF"]
     2 00000000                                 [INSTRSET "i486p"]
     3 00000000                                 [OPTIMIZE 1]
     4 00000000                                 [OPTION 1]
     5 00000000                                 [BITS 32]
     6 00000000                                 	EXTERN	_io_hlt
     7 00000000                                 	EXTERN	_io_load_eflags
     8 00000000                                 	EXTERN	_io_cli
     9 00000000                                 	EXTERN	_io_out8
    10 00000000                                 	EXTERN	_io_store_eflags
    11 00000000                                 [FILE "bootpack.c"]
    12                                          [SECTION .text]
    13 00000000                                 	GLOBAL	_HariMain
    14 00000000                                 _HariMain:
    15 00000000 55                              	PUSH	EBP
    16 00000001 89 E5                           	MOV	EBP,ESP
    17 00000003 E8 00000025                     	CALL	_init_palette
    18 00000008 0F BF 05 00000FF6               	MOVSX	EAX,WORD [4086]
    19 0000000F 50                              	PUSH	EAX
    20 00000010 0F BF 05 00000FF4               	MOVSX	EAX,WORD [4084]
    21 00000017 50                              	PUSH	EAX
    22 00000018 FF 35 00000FF8                  	PUSH	DWORD [4088]
    23 0000001E E8 0000026F                     	CALL	_init_screen
    24 00000023 83 C4 0C                        	ADD	ESP,12
    25 00000026                                 L5:
    26 00000026 E8 [00000000]                   	CALL	_io_hlt
    27 0000002B EB F9                           	JMP	L5
    28 0000002D                                 	GLOBAL	_init_palette
    29 0000002D                                 _init_palette:
    30 0000002D 55                              	PUSH	EBP
    31 0000002E 89 E5                           	MOV	EBP,ESP
    32 00000030 83 EC 10                        	SUB	ESP,16
    33 00000033 66 C7 05 [00000000] 0000        	MOV	WORD [_table_rgb],0
    34 0000003C 66 C7 45 F0 0000                	MOV	WORD [-16+EBP],0
    35 00000042 C6 45 F0 FF                     	MOV	BYTE [-16+EBP],-1
    36 00000046 C6 45 F1 00                     	MOV	BYTE [-15+EBP],0
    37 0000004A 8B 45 F0                        	MOV	EAX,DWORD [-16+EBP]
    38 0000004D C6 45 F0 00                     	MOV	BYTE [-16+EBP],0
    39 00000051 C6 45 F1 FF                     	MOV	BYTE [-15+EBP],-1
    40 00000055 66 A3 [00000003]                	MOV	WORD [_table_rgb+3],AX
    41 0000005B 8B 45 F0                        	MOV	EAX,DWORD [-16+EBP]
    42 0000005E C6 45 F0 FF                     	MOV	BYTE [-16+EBP],-1
    43 00000062 66 A3 [00000006]                	MOV	WORD [_table_rgb+6],AX
    44 00000068 8B 45 F0                        	MOV	EAX,DWORD [-16+EBP]
    45 0000006B C6 45 F0 00                     	MOV	BYTE [-16+EBP],0
    46 0000006F C6 45 F1 00                     	MOV	BYTE [-15+EBP],0
    47 00000073 66 A3 [00000009]                	MOV	WORD [_table_rgb+9],AX
    48 00000079 8B 45 F0                        	MOV	EAX,DWORD [-16+EBP]
    49 0000007C C6 45 F0 FF                     	MOV	BYTE [-16+EBP],-1
    50 00000080 66 A3 [0000000C]                	MOV	WORD [_table_rgb+12],AX
    51 00000086 8B 45 F0                        	MOV	EAX,DWORD [-16+EBP]
    52 00000089 C6 45 F0 00                     	MOV	BYTE [-16+EBP],0
    53 0000008D C6 45 F1 FF                     	MOV	BYTE [-15+EBP],-1
    54 00000091 66 A3 [0000000F]                	MOV	WORD [_table_rgb+15],AX
    55 00000097 8B 45 F0                        	MOV	EAX,DWORD [-16+EBP]
    56 0000009A 66 A3 [00000012]                	MOV	WORD [_table_rgb+18],AX
    57 000000A0 C6 05 [00000002] 00             	MOV	BYTE [_table_rgb+2],0
    58 000000A7 C6 05 [00000005] 00             	MOV	BYTE [_table_rgb+5],0
    59 000000AE C6 05 [00000008] 00             	MOV	BYTE [_table_rgb+8],0
    60 000000B5 C6 05 [0000000B] 00             	MOV	BYTE [_table_rgb+11],0
    61 000000BC C6 05 [0000000E] FF             	MOV	BYTE [_table_rgb+14],-1
    62 000000C3 C6 05 [00000011] FF             	MOV	BYTE [_table_rgb+17],-1
    63 000000CA C6 05 [00000014] FF             	MOV	BYTE [_table_rgb+20],-1
    64 000000D1 C6 45 F0 FF                     	MOV	BYTE [-16+EBP],-1
    65 000000D5 8B 45 F0                        	MOV	EAX,DWORD [-16+EBP]
    66 000000D8 C6 45 F0 C6                     	MOV	BYTE [-16+EBP],-58
    67 000000DC C6 45 F1 C6                     	MOV	BYTE [-15+EBP],-58
    68 000000E0 66 A3 [00000015]                	MOV	WORD [_table_rgb+21],AX
    69 000000E6 8B 45 F0                        	MOV	EAX,DWORD [-16+EBP]
    70 000000E9 C6 45 F0 84                     	MOV	BYTE [-16+EBP],-124
    71 000000ED C6 45 F1 00                     	MOV	BYTE [-15+EBP],0
    72 000000F1 66 A3 [00000018]                	MOV	WORD [_table_rgb+24],AX
    73 000000F7 8B 45 F0                        	MOV	EAX,DWORD [-16+EBP]
    74 000000FA C6 45 F0 00                     	MOV	BYTE [-16+EBP],0
    75 000000FE C6 45 F1 84                     	MOV	BYTE [-15+EBP],-124
    76 00000102 66 A3 [0000001B]                	MOV	WORD [_table_rgb+27],AX
    77 00000108 8B 45 F0                        	MOV	EAX,DWORD [-16+EBP]
    78 0000010B C6 45 F0 84                     	MOV	BYTE [-16+EBP],-124
    79 0000010F 66 A3 [0000001E]                	MOV	WORD [_table_rgb+30],AX
    80 00000115 8B 45 F0                        	MOV	EAX,DWORD [-16+EBP]
    81 00000118 C6 45 F0 00                     	MOV	BYTE [-16+EBP],0
    82 0000011C C6 45 F1 00                     	MOV	BYTE [-15+EBP],0
    83 00000120 66 A3 [00000021]                	MOV	WORD [_table_rgb+33],AX
    84 00000126 8B 45 F0                        	MOV	EAX,DWORD [-16+EBP]
    85 00000129 C6 45 F0 84                     	MOV	BYTE [-16+EBP],-124
    86 0000012D 66 A3 [00000024]                	MOV	WORD [_table_rgb+36],AX
    87 00000133 8B 45 F0                        	MOV	EAX,DWORD [-16+EBP]
    88 00000136 C6 45 F0 00                     	MOV	BYTE [-16+EBP],0
    89 0000013A C6 45 F1 84                     	MOV	BYTE [-15+EBP],-124
    90 0000013E 66 A3 [00000027]                	MOV	WORD [_table_rgb+39],AX
    91 00000144 8B 45 F0                        	MOV	EAX,DWORD [-16+EBP]
    92 00000147 C6 05 [00000017] FF             	MOV	BYTE [_table_rgb+23],-1
    93 0000014E C6 05 [0000001A] C6             	MOV	BYTE [_table_rgb+26],-58
    94 00000155 C6 05 [0000001D] 00             	MOV	BYTE [_table_rgb+29],0
    95 0000015C C6 05 [00000020] 00             	MOV	BYTE [_table_rgb+32],0
    96 00000163 C6 05 [00000023] 00             	MOV	BYTE [_table_rgb+35],0
    97 0000016A C6 05 [00000026] 84             	MOV	BYTE [_table_rgb+38],-124
    98 00000171 C6 05 [00000029] 84             	MOV	BYTE [_table_rgb+41],-124
    99 00000178 66 A3 [0000002A]                	MOV	WORD [_table_rgb+42],AX
   100 0000017E 68 [00000000]                   	PUSH	_table_rgb
   101 00000183 C6 45 F0 84                     	MOV	BYTE [-16+EBP],-124
   102 00000187 6A 0F                           	PUSH	15
   103 00000189 8B 45 F0                        	MOV	EAX,DWORD [-16+EBP]
   104 0000018C 66 A3 [0000002D]                	MOV	WORD [_table_rgb+45],AX
   105 00000192 6A 00                           	PUSH	0
   106 00000194 C6 45 F2 84                     	MOV	BYTE [-14+EBP],-124
   107 00000198 C6 05 [0000002C] 84             	MOV	BYTE [_table_rgb+44],-124
   108 0000019F C6 05 [0000002F] 84             	MOV	BYTE [_table_rgb+47],-124
   109 000001A6 E8 00000002                     	CALL	_set_palette
   110 000001AB C9                              	LEAVE
   111 000001AC C3                              	RET
   112 000001AD                                 	GLOBAL	_set_palette
   113 000001AD                                 _set_palette:
   114 000001AD 55                              	PUSH	EBP
   115 000001AE 89 E5                           	MOV	EBP,ESP
   116 000001B0 57                              	PUSH	EDI
   117 000001B1 56                              	PUSH	ESI
   118 000001B2 53                              	PUSH	EBX
   119 000001B3 51                              	PUSH	ECX
   120 000001B4 51                              	PUSH	ECX
   121 000001B5 8B 45 0C                        	MOV	EAX,DWORD [12+EBP]
   122 000001B8 8B 5D 08                        	MOV	EBX,DWORD [8+EBP]
   123 000001BB 89 45 F0                        	MOV	DWORD [-16+EBP],EAX
   124 000001BE 8B 7D 10                        	MOV	EDI,DWORD [16+EBP]
   125 000001C1 89 DE                           	MOV	ESI,EBX
   126 000001C3 E8 [00000000]                   	CALL	_io_load_eflags
   127 000001C8 89 45 EC                        	MOV	DWORD [-20+EBP],EAX
   128 000001CB E8 [00000000]                   	CALL	_io_cli
   129 000001D0 53                              	PUSH	EBX
   130 000001D1 68 000003C8                     	PUSH	968
   131 000001D6 E8 [00000000]                   	CALL	_io_out8
   132 000001DB 3B 5D F0                        	CMP	EBX,DWORD [-16+EBP]
   133 000001DE 58                              	POP	EAX
   134 000001DF 5A                              	POP	EDX
   135 000001E0 7F 4D                           	JG	L14
   136 000001E2 6B DB 03                        	IMUL	EBX,EBX,3
   137 000001E5                                 L12:
   138 000001E5 8A 04 1F                        	MOV	AL,BYTE [EDI+EBX*1]
   139 000001E8 46                              	INC	ESI
   140 000001E9 C0 E8 02                        	SHR	AL,2
   141 000001EC 0F B6 C0                        	MOVZX	EAX,AL
   142 000001EF 50                              	PUSH	EAX
   143 000001F0 68 000003C9                     	PUSH	969
   144 000001F5 E8 [00000000]                   	CALL	_io_out8
   145 000001FA 8A 44 1F 01                     	MOV	AL,BYTE [1+EDI+EBX*1]
   146 000001FE C0 E8 02                        	SHR	AL,2
   147 00000201 0F B6 C0                        	MOVZX	EAX,AL
   148 00000204 50                              	PUSH	EAX
   149 00000205 68 000003C9                     	PUSH	969
   150 0000020A E8 [00000000]                   	CALL	_io_out8
   151 0000020F 8A 44 1F 02                     	MOV	AL,BYTE [2+EDI+EBX*1]
   152 00000213 C0 E8 02                        	SHR	AL,2
   153 00000216 83 C3 03                        	ADD	EBX,3
   154 00000219 0F B6 C0                        	MOVZX	EAX,AL
   155 0000021C 50                              	PUSH	EAX
   156 0000021D 68 000003C9                     	PUSH	969
   157 00000222 E8 [00000000]                   	CALL	_io_out8
   158 00000227 83 C4 18                        	ADD	ESP,24
   159 0000022A 3B 75 F0                        	CMP	ESI,DWORD [-16+EBP]
   160 0000022D 7E B6                           	JLE	L12
   161 0000022F                                 L14:
   162 0000022F 8B 45 EC                        	MOV	EAX,DWORD [-20+EBP]
   163 00000232 89 45 08                        	MOV	DWORD [8+EBP],EAX
   164 00000235 8D 65 F4                        	LEA	ESP,DWORD [-12+EBP]
   165 00000238 5B                              	POP	EBX
   166 00000239 5E                              	POP	ESI
   167 0000023A 5F                              	POP	EDI
   168 0000023B 5D                              	POP	EBP
   169 0000023C E9 [00000000]                   	JMP	_io_store_eflags
   170 00000241                                 	GLOBAL	_boxfill8
   171 00000241                                 _boxfill8:
   172 00000241 55                              	PUSH	EBP
   173 00000242 89 E5                           	MOV	EBP,ESP
   174 00000244 57                              	PUSH	EDI
   175 00000245 56                              	PUSH	ESI
   176 00000246 53                              	PUSH	EBX
   177 00000247 57                              	PUSH	EDI
   178 00000248 57                              	PUSH	EDI
   179 00000249 8A 45 10                        	MOV	AL,BYTE [16+EBP]
   180 0000024C 8B 4D 18                        	MOV	ECX,DWORD [24+EBP]
   181 0000024F 8B 7D 1C                        	MOV	EDI,DWORD [28+EBP]
   182 00000252 88 45 F3                        	MOV	BYTE [-13+EBP],AL
   183 00000255 3B 4D 20                        	CMP	ECX,DWORD [32+EBP]
   184 00000258 7F 31                           	JG	L27
   185 0000025A 8B 5D 0C                        	MOV	EBX,DWORD [12+EBP]
   186 0000025D 0F AF D9                        	IMUL	EBX,ECX
   187 00000260                                 L25:
   188 00000260 8B 55 14                        	MOV	EDX,DWORD [20+EBP]
   189 00000263 39 FA                           	CMP	EDX,EDI
   190 00000265 7F 1B                           	JG	L29
   191 00000267 8B 75 08                        	MOV	ESI,DWORD [8+EBP]
   192 0000026A 01 DE                           	ADD	ESI,EBX
   193 0000026C 01 D6                           	ADD	ESI,EDX
   194 0000026E 89 75 EC                        	MOV	DWORD [-20+EBP],ESI
   195 00000271                                 L24:
   196 00000271 8B 75 EC                        	MOV	ESI,DWORD [-20+EBP]
   197 00000274 8A 45 F3                        	MOV	AL,BYTE [-13+EBP]
   198 00000277 42                              	INC	EDX
   199 00000278 88 06                           	MOV	BYTE [ESI],AL
   200 0000027A 46                              	INC	ESI
   201 0000027B 89 75 EC                        	MOV	DWORD [-20+EBP],ESI
   202 0000027E 39 FA                           	CMP	EDX,EDI
   203 00000280 7E EF                           	JLE	L24
   204 00000282                                 L29:
   205 00000282 41                              	INC	ECX
   206 00000283 03 5D 0C                        	ADD	EBX,DWORD [12+EBP]
   207 00000286 3B 4D 20                        	CMP	ECX,DWORD [32+EBP]
   208 00000289 7E D5                           	JLE	L25
   209 0000028B                                 L27:
   210 0000028B 5B                              	POP	EBX
   211 0000028C 5E                              	POP	ESI
   212 0000028D 5B                              	POP	EBX
   213 0000028E 5E                              	POP	ESI
   214 0000028F 5F                              	POP	EDI
   215 00000290 5D                              	POP	EBP
   216 00000291 C3                              	RET
   217 00000292                                 	GLOBAL	_init_screen
   218 00000292                                 _init_screen:
   219 00000292 55                              	PUSH	EBP
   220 00000293 89 E5                           	MOV	EBP,ESP
   221 00000295 57                              	PUSH	EDI
   222 00000296 56                              	PUSH	ESI
   223 00000297 53                              	PUSH	EBX
   224 00000298 83 EC 0C                        	SUB	ESP,12
   225 0000029B 8B 45 10                        	MOV	EAX,DWORD [16+EBP]
   226 0000029E 8B 7D 0C                        	MOV	EDI,DWORD [12+EBP]
   227 000002A1 83 E8 1D                        	SUB	EAX,29
   228 000002A4 4F                              	DEC	EDI
   229 000002A5 50                              	PUSH	EAX
   230 000002A6 57                              	PUSH	EDI
   231 000002A7 6A 00                           	PUSH	0
   232 000002A9 6A 00                           	PUSH	0
   233 000002AB 6A 0E                           	PUSH	14
   234 000002AD FF 75 0C                        	PUSH	DWORD [12+EBP]
   235 000002B0 FF 75 08                        	PUSH	DWORD [8+EBP]
   236 000002B3 E8 FFFFFF89                     	CALL	_boxfill8
   237 000002B8 8B 45 10                        	MOV	EAX,DWORD [16+EBP]
   238 000002BB 83 E8 1C                        	SUB	EAX,28
   239 000002BE 50                              	PUSH	EAX
   240 000002BF 57                              	PUSH	EDI
   241 000002C0 50                              	PUSH	EAX
   242 000002C1 6A 00                           	PUSH	0
   243 000002C3 6A 08                           	PUSH	8
   244 000002C5 FF 75 0C                        	PUSH	DWORD [12+EBP]
   245 000002C8 FF 75 08                        	PUSH	DWORD [8+EBP]
   246 000002CB E8 FFFFFF71                     	CALL	_boxfill8
   247 000002D0 8B 45 10                        	MOV	EAX,DWORD [16+EBP]
   248 000002D3 83 C4 38                        	ADD	ESP,56
   249 000002D6 83 E8 1B                        	SUB	EAX,27
   250 000002D9 50                              	PUSH	EAX
   251 000002DA 57                              	PUSH	EDI
   252 000002DB 50                              	PUSH	EAX
   253 000002DC 6A 00                           	PUSH	0
   254 000002DE 6A 07                           	PUSH	7
   255 000002E0 FF 75 0C                        	PUSH	DWORD [12+EBP]
   256 000002E3 FF 75 08                        	PUSH	DWORD [8+EBP]
   257 000002E6 E8 FFFFFF56                     	CALL	_boxfill8
   258 000002EB 8B 45 10                        	MOV	EAX,DWORD [16+EBP]
   259 000002EE 48                              	DEC	EAX
   260 000002EF 50                              	PUSH	EAX
   261 000002F0 8B 45 10                        	MOV	EAX,DWORD [16+EBP]
   262 000002F3 57                              	PUSH	EDI
   263 000002F4 83 E8 1A                        	SUB	EAX,26
   264 000002F7 50                              	PUSH	EAX
   265 000002F8 6A 00                           	PUSH	0
   266 000002FA 6A 08                           	PUSH	8
   267 000002FC FF 75 0C                        	PUSH	DWORD [12+EBP]
   268 000002FF FF 75 08                        	PUSH	DWORD [8+EBP]
   269 00000302 E8 FFFFFF3A                     	CALL	_boxfill8
   270 00000307 8B 75 10                        	MOV	ESI,DWORD [16+EBP]
   271 0000030A 83 C4 38                        	ADD	ESP,56
   272 0000030D 83 EE 18                        	SUB	ESI,24
   273 00000310 56                              	PUSH	ESI
   274 00000311 6A 3B                           	PUSH	59
   275 00000313 56                              	PUSH	ESI
   276 00000314 6A 03                           	PUSH	3
   277 00000316 6A 07                           	PUSH	7
   278 00000318 FF 75 0C                        	PUSH	DWORD [12+EBP]
   279 0000031B FF 75 08                        	PUSH	DWORD [8+EBP]
   280 0000031E E8 FFFFFF1E                     	CALL	_boxfill8
   281 00000323 8B 45 10                        	MOV	EAX,DWORD [16+EBP]
   282 00000326 83 E8 04                        	SUB	EAX,4
   283 00000329 50                              	PUSH	EAX
   284 0000032A 89 45 F0                        	MOV	DWORD [-16+EBP],EAX
   285 0000032D 6A 02                           	PUSH	2
   286 0000032F 56                              	PUSH	ESI
   287 00000330 6A 02                           	PUSH	2
   288 00000332 6A 07                           	PUSH	7
   289 00000334 FF 75 0C                        	PUSH	DWORD [12+EBP]
   290 00000337 FF 75 08                        	PUSH	DWORD [8+EBP]
   291 0000033A E8 FFFFFF02                     	CALL	_boxfill8
   292 0000033F 83 C4 38                        	ADD	ESP,56
   293 00000342 FF 75 F0                        	PUSH	DWORD [-16+EBP]
   294 00000345 6A 3B                           	PUSH	59
   295 00000347 FF 75 F0                        	PUSH	DWORD [-16+EBP]
   296 0000034A 6A 03                           	PUSH	3
   297 0000034C 6A 0F                           	PUSH	15
   298 0000034E FF 75 0C                        	PUSH	DWORD [12+EBP]
   299 00000351 FF 75 08                        	PUSH	DWORD [8+EBP]
   300 00000354 E8 FFFFFEE8                     	CALL	_boxfill8
   301 00000359 8B 45 10                        	MOV	EAX,DWORD [16+EBP]
   302 0000035C 83 E8 05                        	SUB	EAX,5
   303 0000035F 50                              	PUSH	EAX
   304 00000360 8B 45 10                        	MOV	EAX,DWORD [16+EBP]
   305 00000363 6A 3B                           	PUSH	59
   306 00000365 83 E8 17                        	SUB	EAX,23
   307 00000368 50                              	PUSH	EAX
   308 00000369 89 45 EC                        	MOV	DWORD [-20+EBP],EAX
   309 0000036C 6A 3B                           	PUSH	59
   310 0000036E 6A 0F                           	PUSH	15
   311 00000370 FF 75 0C                        	PUSH	DWORD [12+EBP]
   312 00000373 FF 75 08                        	PUSH	DWORD [8+EBP]
   313 00000376 E8 FFFFFEC6                     	CALL	_boxfill8
   314 0000037B 8B 45 10                        	MOV	EAX,DWORD [16+EBP]
   315 0000037E 83 C4 38                        	ADD	ESP,56
   316 00000381 83 E8 03                        	SUB	EAX,3
   317 00000384 89 45 E8                        	MOV	DWORD [-24+EBP],EAX
   318 00000387 50                              	PUSH	EAX
   319 00000388 6A 3B                           	PUSH	59
   320 0000038A 50                              	PUSH	EAX
   321 0000038B 6A 02                           	PUSH	2
   322 0000038D 6A 00                           	PUSH	0
   323 0000038F FF 75 0C                        	PUSH	DWORD [12+EBP]
   324 00000392 FF 75 08                        	PUSH	DWORD [8+EBP]
   325 00000395 E8 FFFFFEA7                     	CALL	_boxfill8
   326 0000039A FF 75 E8                        	PUSH	DWORD [-24+EBP]
   327 0000039D 6A 3C                           	PUSH	60
   328 0000039F 56                              	PUSH	ESI
   329 000003A0 6A 3C                           	PUSH	60
   330 000003A2 6A 00                           	PUSH	0
   331 000003A4 FF 75 0C                        	PUSH	DWORD [12+EBP]
   332 000003A7 FF 75 08                        	PUSH	DWORD [8+EBP]
   333 000003AA E8 FFFFFE92                     	CALL	_boxfill8
   334 000003AF 8B 7D 0C                        	MOV	EDI,DWORD [12+EBP]
   335 000003B2 83 C4 38                        	ADD	ESP,56
   336 000003B5 8B 5D 0C                        	MOV	EBX,DWORD [12+EBP]
   337 000003B8 83 EB 04                        	SUB	EBX,4
   338 000003BB 83 EF 2F                        	SUB	EDI,47
   339 000003BE 56                              	PUSH	ESI
   340 000003BF 53                              	PUSH	EBX
   341 000003C0 56                              	PUSH	ESI
   342 000003C1 57                              	PUSH	EDI
   343 000003C2 6A 0F                           	PUSH	15
   344 000003C4 FF 75 0C                        	PUSH	DWORD [12+EBP]
   345 000003C7 FF 75 08                        	PUSH	DWORD [8+EBP]
   346 000003CA E8 FFFFFE72                     	CALL	_boxfill8
   347 000003CF FF 75 F0                        	PUSH	DWORD [-16+EBP]
   348 000003D2 57                              	PUSH	EDI
   349 000003D3 FF 75 EC                        	PUSH	DWORD [-20+EBP]
   350 000003D6 57                              	PUSH	EDI
   351 000003D7 6A 0F                           	PUSH	15
   352 000003D9 FF 75 0C                        	PUSH	DWORD [12+EBP]
   353 000003DC FF 75 08                        	PUSH	DWORD [8+EBP]
   354 000003DF E8 FFFFFE5D                     	CALL	_boxfill8
   355 000003E4 83 C4 38                        	ADD	ESP,56
   356 000003E7 FF 75 E8                        	PUSH	DWORD [-24+EBP]
   357 000003EA 53                              	PUSH	EBX
   358 000003EB FF 75 E8                        	PUSH	DWORD [-24+EBP]
   359 000003EE 57                              	PUSH	EDI
   360 000003EF 6A 07                           	PUSH	7
   361 000003F1 FF 75 0C                        	PUSH	DWORD [12+EBP]
   362 000003F4 FF 75 08                        	PUSH	DWORD [8+EBP]
   363 000003F7 E8 FFFFFE45                     	CALL	_boxfill8
   364 000003FC 8B 45 0C                        	MOV	EAX,DWORD [12+EBP]
   365 000003FF FF 75 E8                        	PUSH	DWORD [-24+EBP]
   366 00000402 83 E8 03                        	SUB	EAX,3
   367 00000405 50                              	PUSH	EAX
   368 00000406 56                              	PUSH	ESI
   369 00000407 50                              	PUSH	EAX
   370 00000408 6A 07                           	PUSH	7
   371 0000040A FF 75 0C                        	PUSH	DWORD [12+EBP]
   372 0000040D FF 75 08                        	PUSH	DWORD [8+EBP]
   373 00000410 E8 FFFFFE2C                     	CALL	_boxfill8
   374 00000415 8D 65 F4                        	LEA	ESP,DWORD [-12+EBP]
   375 00000418 5B                              	POP	EBX
   376 00000419 5E                              	POP	ESI
   377 0000041A 5F                              	POP	EDI
   378 0000041B 5D                              	POP	EBP
   379 0000041C C3                              	RET
   380 0000041D                                 	GLOBAL	_table_rgb
   381                                          [SECTION .data]
   382 00000000                                 	ALIGNB	16
   383 00000000                                 _table_rgb:
   384 00000000 00 00 00 00 00 00 00 00 00 00   	RESB	48
       0000000A 00 00 00 00 00 00 00 00 00 00 
       00000014 00 00 00 00 00 00 00 00 00 00 
       0000001E 00 00 00 00 00 00 00 00 00 00 
       00000028 00 00 00 00 00 00 00 00 
