     1 00000000                                 ; func.nas
     2 00000000                                 ; TAB=4
     3 00000000                                 
     4 00000000                                 [FORMAT "WCOFF"]							; 制作目标文件的模式
     5 00000000                                 [BITS 32]									; 32位
     6 00000000                                 
     7 00000000                                 ; 目标文件信息
     8 00000000                                 
     9 00000000                                 [FILE "func.nas"]							; 源文件名
    10 00000000                                 		GLOBAL	_io_hlt						; 程序中包含的的函数
    11 00000000                                 
    12 00000000                                 ; 实际的函数
    13 00000000                                 
    14                                          [SECTION .text]								; 目标文件中写了这个以后再写程序
    15 00000000                                 
    16 00000000                                 _io_hlt:
    17 00000000 F4                              		HLT
    18 00000001 C3                              		RET
    19 00000002                                 
    20 00000002                                 ; void io_hlt(void)
    21 00000002                                 ; {
    22 00000002                                 ;	 HLT;
    23 00000002                                 ;	 retrun;
    24 00000002                                 ; }
